1->EVALUATE_PROPERTY: API ERR Cannot read properties of undefined (reading 'results')
2->CONTACT_INITIATED: API ERR Cannot read properties of undefined (reading 'results')
3->CALL_MADE: API ERR Cannot read properties of undefined (reading 'results')
4->NOTES_TAKEN: API ERR Cannot read properties of undefined (reading 'results')
5->CONTACT_MADE [Montelli]: 4/4 OK
6->DEAL_EVALUATED: API ERR Cannot read properties of undefined (reading 'results')
7->GROUP_CHAT_CREATED: API ERR Cannot read properties of undefined (reading 'results')
8->DAILY_REPORT_SENT: API ERR Cannot read properties of undefined (reading 'results')
9->OFFER_SENT: API ERR Cannot read properties of undefined (reading 'results')
10->GAIN_FEEDBACK: API ERR Cannot read properties of undefined (reading 'results')
11->TERMS_AGREED: API ERR Cannot read properties of undefined (reading 'results')
12->AGREEMENT_DRAFTED: API ERR Cannot read properties of undefined (reading 'results')
13->PSA_SENT: API ERR Cannot read properties of undefined (reading 'results')
14->AGREEMENT_AUTHORIZED: API ERR Cannot read properties of undefined (reading 'results')
15->INSPECTION_SCHEDULED: API ERR Cannot read properties of undefined (reading 'results')
16->INSPECTION_COMPLETE: API ERR Cannot read properties of undefined (reading 'results')
17->APPRAISAL_ORDERED: API ERR Cannot read properties of undefined (reading 'results')
18->APPRAISAL_DONE: API ERR Cannot read properties of undefined (reading 'results')
19->TITLE_WORK: API ERR Cannot read properties of undefined (reading 'results')
20->WIRE_SETUP: API ERR Cannot read properties of undefined (reading 'results')
21->COE_SCHEDULED: API ERR Cannot read properties of undefined (reading 'results')
22->CLOSING_DATE: API ERR Cannot read properties of undefined (reading 'results')
23->ARCHIVED: API ERR Cannot read properties of undefined (reading 'results')

=== TOTAL: 1 pass, 22 fail out of 23 stages ===
